// Jest Snapshot v1, https://goo.gl/fbAQLP

exports[`<ShoeDisplay /> no unintentional changes to ShoeDisplay component 1`] = `ShallowWrapper {}`;
